// Jest Snapshot v1, https://goo.gl/fbAQLP

exports[`SearchResults renders results correctly 1`] = `
<DocumentFragment>
  <div
    class="search-results"
  >
    <img
      alt="placeholder"
      class="search-results__image"
      src="test1"
    />
    <img
      alt="placeholder"
      class="search-results__image"
      src="test2"
    />
  </div>
</DocumentFragment>
`;
